// Vitest Snapshot v1, https://vitest.dev/guide/snapshot.html

exports[`<Row /> > Should render correctly > ./snapshot/row.output.html 1`] = `
{
  "asFragment": [Function],
  "baseElement": <body>
    <div>
      <div
        class="row"
      >
        <div
          class="col-md-6 offset-md-3"
        >
          <form>
            <div
              class="form-group"
            >
              <label
                for="firstname"
              >
                Firstname
              </label>
              <input
                class="form-control"
                data-testid="control-firstname"
                id="firstname"
                name="firstname"
                type="text"
                value=""
              />
            </div>
            <div
              class="form-group"
            >
              <label
                for="lastname"
              >
                Lastname
              </label>
              <input
                class="form-control"
                data-testid="control-lastname"
                id="lastname"
                name="lastname"
                type="text"
                value=""
              />
            </div>
            <div
              class="form-group"
            >
              <label
                for="email"
              >
                E-mail
              </label>
              <input
                class="form-control"
                data-testid="control-email"
                id="email"
                name="email"
                type="email"
                value=""
              />
            </div>
            <div>
              <label
                for="languages"
              >
                Languages
              </label>
              <select
                class="form-control mb-3"
                id="languages"
                multiple=""
                name="languages"
              >
                <option
                  value="English"
                >
                  English
                </option>
                <option
                  value="Spanish"
                >
                  Spanish
                </option>
                <option
                  value="French"
                >
                  French
                </option>
                <option
                  value="German"
                >
                  German
                </option>
                <option
                  value="Japanese"
                >
                  Japanese
                </option>
              </select>
            </div>
            <div
              class="form-check mb-3 text-right"
            >
              <input
                class="form-check-input"
                id="subscribed"
                name="subscribed"
                type="checkbox"
              />
              <label
                class="form-check-label"
                for="subscribed"
              >
                Subscribe
              </label>
            </div>
            <button
              class="btn btn-primary form-control"
              data-testid="btn-submit"
              type="submit"
            >
              Submit
            </button>
          </form>
          <div>
            <b>
              Result
            </b>
            <div
              class="firstname"
            >
              <span>
                Firstname:
              </span>
               
              <span
                class="data-firstname"
              />
               
            </div>
            <div
              class="lastname"
            >
              <span>
                Lastname:
              </span>
               
              <span
                class="data-lastname"
              />
               
            </div>
            <div
              class="email"
            >
              <span>
                E-mail:
              </span>
               
              <span
                class="data-email"
              />
               
            </div>
            <div
              class="languages"
            >
              <span>
                Languages:
              </span>
               
              <span
                class="data-languages"
              />
               
            </div>
            <div
              class="subscribed"
            >
              <span>
                subscribed:
              </span>
               
              <span
                class="data-subscribed"
              />
               
            </div>
          </div>
        </div>
      </div>
    </div>
  </body>,
  "container": <div>
    <div
      class="row"
    >
      <div
        class="col-md-6 offset-md-3"
      >
        <form>
          <div
            class="form-group"
          >
            <label
              for="firstname"
            >
              Firstname
            </label>
            <input
              class="form-control"
              data-testid="control-firstname"
              id="firstname"
              name="firstname"
              type="text"
              value=""
            />
          </div>
          <div
            class="form-group"
          >
            <label
              for="lastname"
            >
              Lastname
            </label>
            <input
              class="form-control"
              data-testid="control-lastname"
              id="lastname"
              name="lastname"
              type="text"
              value=""
            />
          </div>
          <div
            class="form-group"
          >
            <label
              for="email"
            >
              E-mail
            </label>
            <input
              class="form-control"
              data-testid="control-email"
              id="email"
              name="email"
              type="email"
              value=""
            />
          </div>
          <div>
            <label
              for="languages"
            >
              Languages
            </label>
            <select
              class="form-control mb-3"
              id="languages"
              multiple=""
              name="languages"
            >
              <option
                value="English"
              >
                English
              </option>
              <option
                value="Spanish"
              >
                Spanish
              </option>
              <option
                value="French"
              >
                French
              </option>
              <option
                value="German"
              >
                German
              </option>
              <option
                value="Japanese"
              >
                Japanese
              </option>
            </select>
          </div>
          <div
            class="form-check mb-3 text-right"
          >
            <input
              class="form-check-input"
              id="subscribed"
              name="subscribed"
              type="checkbox"
            />
            <label
              class="form-check-label"
              for="subscribed"
            >
              Subscribe
            </label>
          </div>
          <button
            class="btn btn-primary form-control"
            data-testid="btn-submit"
            type="submit"
          >
            Submit
          </button>
        </form>
        <div>
          <b>
            Result
          </b>
          <div
            class="firstname"
          >
            <span>
              Firstname:
            </span>
             
            <span
              class="data-firstname"
            />
             
          </div>
          <div
            class="lastname"
          >
            <span>
              Lastname:
            </span>
             
            <span
              class="data-lastname"
            />
             
          </div>
          <div
            class="email"
          >
            <span>
              E-mail:
            </span>
             
            <span
              class="data-email"
            />
             
          </div>
          <div
            class="languages"
          >
            <span>
              Languages:
            </span>
             
            <span
              class="data-languages"
            />
             
          </div>
          <div
            class="subscribed"
          >
            <span>
              subscribed:
            </span>
             
            <span
              class="data-subscribed"
            />
             
          </div>
        </div>
      </div>
    </div>
  </div>,
  "debug": [Function],
  "findAllByAltText": [Function],
  "findAllByDisplayValue": [Function],
  "findAllByLabelText": [Function],
  "findAllByPlaceholderText": [Function],
  "findAllByRole": [Function],
  "findAllByTestId": [Function],
  "findAllByText": [Function],
  "findAllByTitle": [Function],
  "findByAltText": [Function],
  "findByDisplayValue": [Function],
  "findByLabelText": [Function],
  "findByPlaceholderText": [Function],
  "findByRole": [Function],
  "findByTestId": [Function],
  "findByText": [Function],
  "findByTitle": [Function],
  "getAllByAltText": [Function],
  "getAllByDisplayValue": [Function],
  "getAllByLabelText": [Function],
  "getAllByPlaceholderText": [Function],
  "getAllByRole": [Function],
  "getAllByTestId": [Function],
  "getAllByText": [Function],
  "getAllByTitle": [Function],
  "getByAltText": [Function],
  "getByDisplayValue": [Function],
  "getByLabelText": [Function],
  "getByPlaceholderText": [Function],
  "getByRole": [Function],
  "getByTestId": [Function],
  "getByText": [Function],
  "getByTitle": [Function],
  "queryAllByAltText": [Function],
  "queryAllByDisplayValue": [Function],
  "queryAllByLabelText": [Function],
  "queryAllByPlaceholderText": [Function],
  "queryAllByRole": [Function],
  "queryAllByTestId": [Function],
  "queryAllByText": [Function],
  "queryAllByTitle": [Function],
  "queryByAltText": [Function],
  "queryByDisplayValue": [Function],
  "queryByLabelText": [Function],
  "queryByPlaceholderText": [Function],
  "queryByRole": [Function],
  "queryByTestId": [Function],
  "queryByText": [Function],
  "queryByTitle": [Function],
  "rerender": [Function],
  "unmount": [Function],
}
`;
